// Jest Snapshot v1, https://goo.gl/fbAQLP

exports[`Login matches the snapshot 1`] = `
<div>
  <h1>
    Login
  </h1>
</div>
`;
