// Jest Snapshot v1, https://goo.gl/fbAQLP

exports[`Dashboard matches the snapshot 1`] = `
<div>
  <h1>
    Dashboard
  </h1>
</div>
`;
