// Jest Snapshot v1, https://goo.gl/fbAQLP

exports[`entrypoint renders the app container 1`] = `
<div
  id="app"
>
  <h1>
    Hello, React!
  </h1>
</div>
`;
